src/App.tsx(1,8): error TS6133: 'React' is declared but its value is never read.
src/components/dashboard/Charts.tsx(1,8): error TS6133: 'React' is declared but its value is never read.
src/components/dashboard/Charts.tsx(83,38): error TS6133: 'entry' is declared but its value is never read.
src/components/dashboard/Charts.tsx(88,19): error TS2322: Type '(value: number) => string' is not assignable to type 'Formatter<ValueType, NameType> & ((value: ValueType, name: NameType, item: TooltipPayloadEntry, index: number, payload: TooltipPayload) => ReactNode | [...])'.
  Type '(value: number) => string' is not assignable to type 'Formatter<ValueType, NameType>'.
    Types of parameters 'value' and 'value' are incompatible.
      Type 'ValueType | undefined' is not assignable to type 'number'.
        Type 'undefined' is not assignable to type 'number'.
src/components/dashboard/Insights.tsx(1,8): error TS6133: 'React' is declared but its value is never read.
src/components/dashboard/SummaryCards.tsx(1,8): error TS6133: 'React' is declared but its value is never read.
src/components/layout/Header.tsx(4,10): error TS1484: 'Role' is a type and must be imported using a type-only import when 'verbatimModuleSyntax' is enabled.
src/components/layout/Sidebar.tsx(1,1): error TS6133: 'React' is declared but its value is never read.
src/components/transactions/AddTransactionModal.tsx(3,10): error TS1484: 'TransactionCategory' is a type and must be imported using a type-only import when 'verbatimModuleSyntax' is enabled.
src/components/transactions/AddTransactionModal.tsx(3,31): error TS1484: 'TransactionType' is a type and must be imported using a type-only import when 'verbatimModuleSyntax' is enabled.
src/components/transactions/TransactionControls.tsx(1,1): error TS6133: 'React' is declared but its value is never read.
src/components/transactions/TransactionTable.tsx(1,8): error TS6133: 'React' is declared but its value is never read.
src/context/FinanceContext.tsx(1,56): error TS1484: 'ReactNode' is a type and must be imported using a type-only import when 'verbatimModuleSyntax' is enabled.
src/context/FinanceContext.tsx(2,10): error TS1484: 'FinanceState' is a type and must be imported using a type-only import when 'verbatimModuleSyntax' is enabled.
src/context/FinanceContext.tsx(2,24): error TS1484: 'FinanceAction' is a type and must be imported using a type-only import when 'verbatimModuleSyntax' is enabled.
src/data/mockData.ts(1,10): error TS1484: 'Transaction' is a type and must be imported using a type-only import when 'verbatimModuleSyntax' is enabled.
